[backblue.gif]
[fade.gif]
[index.html]
[uuerp.uttaranchaluniversity.ac.in/js/jquery.js]
[uuerp.uttaranchaluniversity.ac.in/css/bootstrap/bootstrap.min.css]
[uuerp.uttaranchaluniversity.ac.in/js/demo-rtl.js]
[uuerp.uttaranchaluniversity.ac.in/css/libs/font-awesome.css]
[uuerp.uttaranchaluniversity.ac.in/css/libs/nanoscroller.css]
[uuerp.uttaranchaluniversity.ac.in/css/compiled/theme_styles.css]
[uuerp.uttaranchaluniversity.ac.in/Scripts/jquery-1.12.4.js]
[uuerp.uttaranchaluniversity.ac.in/ProjectJS_Org/Account/login.js]
[uuerp.uttaranchaluniversity.ac.in/Account/showClientLoginPageLogo.png]
[uuerp.uttaranchaluniversity.ac.in/js/demo-skin-changer.js]
[uuerp.uttaranchaluniversity.ac.in/js/bootstrap.js]
[uuerp.uttaranchaluniversity.ac.in/js/jquery.nanoscroller.min.js]
[uuerp.uttaranchaluniversity.ac.in/js/demo.js]
[uuerp.uttaranchaluniversity.ac.in/js/scripts.js]
[uuerp.uttaranchaluniversity.ac.in/pwa/index.js]
[uuerp.uttaranchaluniversity.ac.in/img/maintenance.png]
[uuerp.uttaranchaluniversity.ac.in/img/failure.png]
[uuerp.uttaranchaluniversity.ac.in/index.html]
[uuerp.uttaranchaluniversity.ac.in/css/bootstrap/bootstrap.min.css]
[uuerp.uttaranchaluniversity.ac.in/fonts/fontawesome-webfont862f.eot]
[uuerp.uttaranchaluniversity.ac.in/fonts/fontawesome-webfontd41d.eot]
[uuerp.uttaranchaluniversity.ac.in/fonts/fontawesome-webfont862f.woff]
[uuerp.uttaranchaluniversity.ac.in/fonts/fontawesome-webfont862f.ttf]
[uuerp.uttaranchaluniversity.ac.in/css/libs/font-awesome.css]
[uuerp.uttaranchaluniversity.ac.in/css/libs/nanoscroller.css]
[uuerp.uttaranchaluniversity.ac.in/img/pricing-star.png]
[uuerp.uttaranchaluniversity.ac.in/img/samples/new-york-sunset.jpg]
[uuerp.uttaranchaluniversity.ac.in/css/compiled/theme_styles.css]
[uuerp.uttaranchaluniversity.ac.in/Scripts/jquery-ui.js]
[uuerp.uttaranchaluniversity.ac.in/js/moment.min.js]
[uuerp.uttaranchaluniversity.ac.in/js/jquery-jvectormap-1.2.2.min.js]
[uuerp.uttaranchaluniversity.ac.in/js/jquery-jvectormap-world-merc-en.js]
[uuerp.uttaranchaluniversity.ac.in/js/gdp-data.js]
[uuerp.uttaranchaluniversity.ac.in/js/flot/jquery.flot.min.js]
[uuerp.uttaranchaluniversity.ac.in/js/flot/jquery.flot.resize.min.js]
[uuerp.uttaranchaluniversity.ac.in/js/flot/jquery.flot.time.min.js]
[uuerp.uttaranchaluniversity.ac.in/js/flot/jquery.flot.threshold.js]
[uuerp.uttaranchaluniversity.ac.in/js/flot/jquery.flot.axislabels.js]
[uuerp.uttaranchaluniversity.ac.in/js/jquery.sparkline.min.js]
[uuerp.uttaranchaluniversity.ac.in/js/skycons.js]
[uuerp.uttaranchaluniversity.ac.in/js/pace.min.js]
[uuerp.uttaranchaluniversity.ac.in/js/bootbox.min.js]
[uuerp.uttaranchaluniversity.ac.in/Content/themes/base/jquery-ui.css]
[uuerp.uttaranchaluniversity.ac.in/css/libs/jquery.multiselect.css]
[uuerp.uttaranchaluniversity.ac.in/Scripts/jquery.multiselect.js]
[uuerp.uttaranchaluniversity.ac.in/jqGrid/css/jquery-ui-custom.css]
[uuerp.uttaranchaluniversity.ac.in/jqGrid/css/ui.jqgrid.css]
[uuerp.uttaranchaluniversity.ac.in/jqGrid/js/jquery.jqGrid.min.js]
[uuerp.uttaranchaluniversity.ac.in/jqGrid/js/i18n/grid.locale-en.js]
[uuerp.uttaranchaluniversity.ac.in/Account/ForgotPassword.html]
[uuerp.uttaranchaluniversity.ac.in/Account/ForgotID.html]
[uuerp.uttaranchaluniversity.ac.in/css/fonts/glyphicons-halflings-regular.html]
[uuerp.uttaranchaluniversity.ac.in/css/fonts/glyphicons-halflings-regulard41d.html]
[uuerp.uttaranchaluniversity.ac.in/css/fonts/glyphicons-halflings-regular-2.html]
[uuerp.uttaranchaluniversity.ac.in/css/fonts/glyphicons-halflings-regular-3.html]
[uuerp.uttaranchaluniversity.ac.in/css/fonts/glyphicons-halflings-regular-4.html]
[uuerp.uttaranchaluniversity.ac.in/css/fonts/glyphicons-halflings-regular-5.html]
[uuerp.uttaranchaluniversity.ac.in/fonts/fontawesome-webfont862f.svg]
[uuerp.uttaranchaluniversity.ac.in/css/libs/daterangepicker.css]
[uuerp.uttaranchaluniversity.ac.in/css/libs/jquery-jvectormap-1.2.2.css]
[uuerp.uttaranchaluniversity.ac.in/fonts/weathericons-regular-webfont.eot]
[uuerp.uttaranchaluniversity.ac.in/fonts/weathericons-regular-webfontd41d.eot]
[uuerp.uttaranchaluniversity.ac.in/fonts/weathericons-regular-webfont.woff]
[uuerp.uttaranchaluniversity.ac.in/fonts/weathericons-regular-webfont.ttf]
[uuerp.uttaranchaluniversity.ac.in/css/libs/weather-icons.css]
[uuerp.uttaranchaluniversity.ac.in/Content/themes/base/images/ui-bg_flat_75_ffffff_40x100.png]
[uuerp.uttaranchaluniversity.ac.in/Content/themes/base/images/ui-bg_glass_75_e6e6e6_1x400.png]
[uuerp.uttaranchaluniversity.ac.in/Content/themes/base/images/ui-bg_glass_75_dadada_1x400.png]
[uuerp.uttaranchaluniversity.ac.in/Content/themes/base/images/ui-bg_glass_65_ffffff_1x400.png]
[uuerp.uttaranchaluniversity.ac.in/Content/themes/base/images/ui-bg_glass_95_fef1ec_1x400.png]
[uuerp.uttaranchaluniversity.ac.in/Content/themes/base/images/ui-icons_222222_256x240.png]
[uuerp.uttaranchaluniversity.ac.in/Content/themes/base/images/ui-icons_888888_256x240.png]
[uuerp.uttaranchaluniversity.ac.in/Content/themes/base/images/ui-icons_454545_256x240.png]
[uuerp.uttaranchaluniversity.ac.in/Content/themes/base/images/ui-icons_2e83ff_256x240.png]
[uuerp.uttaranchaluniversity.ac.in/Content/themes/base/images/ui-icons_cd0a0a_256x240.png]
[uuerp.uttaranchaluniversity.ac.in/Content/themes/base/images/ui-bg_flat_0_aaaaaa_40x100.png]
[uuerp.uttaranchaluniversity.ac.in/Content/themes/base/jquery-ui.css]
[uuerp.uttaranchaluniversity.ac.in/css/libs/jquery.multiselect.css]
[uuerp.uttaranchaluniversity.ac.in/jqGrid/css/images/ui-bg_inset-hard_100_fcfdfd_1x100.png]
[uuerp.uttaranchaluniversity.ac.in/jqGrid/css/images/ui-bg_gloss-wave_55_5c9ccc_500x100.png]
[uuerp.uttaranchaluniversity.ac.in/jqGrid/css/images/ui-bg_glass_85_dfeffc_1x400.png]
[uuerp.uttaranchaluniversity.ac.in/jqGrid/css/images/ui-bg_glass_75_d0e5f5_1x400.png]
[uuerp.uttaranchaluniversity.ac.in/jqGrid/css/images/ui-bg_inset-hard_100_f5f8f9_1x100.png]
[uuerp.uttaranchaluniversity.ac.in/jqGrid/css/images/ui-bg_flat_55_fbec88_40x100.png]
[uuerp.uttaranchaluniversity.ac.in/jqGrid/css/images/ui-bg_glass_95_fef1ec_1x400.png]
[uuerp.uttaranchaluniversity.ac.in/jqGrid/css/images/ui-icons_469bdd_256x240.png]
[uuerp.uttaranchaluniversity.ac.in/jqGrid/css/images/ui-icons_d8e7f3_256x240.png]
[uuerp.uttaranchaluniversity.ac.in/jqGrid/css/images/ui-icons_6da8d5_256x240.png]
[uuerp.uttaranchaluniversity.ac.in/jqGrid/css/images/ui-icons_217bc0_256x240.png]
[uuerp.uttaranchaluniversity.ac.in/jqGrid/css/images/ui-icons_f9bd01_256x240.png]
[uuerp.uttaranchaluniversity.ac.in/jqGrid/css/images/ui-icons_2e83ff_256x240.png]
[uuerp.uttaranchaluniversity.ac.in/jqGrid/css/images/ui-icons_cd0a0a_256x240.png]
[uuerp.uttaranchaluniversity.ac.in/jqGrid/css/images/ui-bg_flat_0_aaaaaa_40x100.png]
[uuerp.uttaranchaluniversity.ac.in/jqGrid/css/jquery-ui-custom.css]
[uuerp.uttaranchaluniversity.ac.in/jqGrid/css/ui.jqgrid.css]
[uuerp.uttaranchaluniversity.ac.in/Account/Login_UU.html]
[uuerp.uttaranchaluniversity.ac.in/fonts/weathericons-regular-webfont.svg]
